﻿
> hostel-management-frontend@1.0.0 build
> vite build

[36mvite v4.5.14 [32mbuilding for production...[36m[39m
transforming...
node.exe : node_modules/framer-motion/dist
/es/components/AnimatePresence/index.mjs 
(1:0) Module level directives cause 
errors when bundled, "use client" in "node
_modules/framer-motion/dist/es/components/
AnimatePresence/index.mjs" was ignored.
At line:1 char:1
+ & "C:\Program Files\nodejs/node.exe" 
"C:\Program Files\nodejs/node_mo ...
+ ~~~~~~~~~~~~~~~~~~~~~~~~~~~~~~~~~~~~~~~~
~~~~~~~~~~~~~~~~~~~~~~~~~~~~~
    + CategoryInfo          : NotSpecifie 
   d: (node_modules/fr...s" was ignored.  
  :String) [], RemoteException
    + FullyQualifiedErrorId : NativeComma 
   ndError
 
node_modules/framer-motion/dist/es/compone
nts/AnimatePresence/PopChild.mjs (1:0) 
Module level directives cause errors when
bundled, "use client" in "node_modules/fra
mer-motion/dist/es/components/AnimatePrese
nce/PopChild.mjs" was ignored.
node_modules/framer-motion/dist/es/compone
nts/AnimatePresence/PresenceChild.mjs 
(1:0) Module level directives cause 
errors when bundled, "use client" in "node
_modules/framer-motion/dist/es/components/
AnimatePresence/PresenceChild.mjs" was 
ignored.
node_modules/framer-motion/dist/es/compone
nts/LayoutGroup/index.mjs (1:0) Module 
level directives cause errors when 
bundled, "use client" in "node_modules/fra
mer-motion/dist/es/components/LayoutGroup/
index.mjs" was ignored.
node_modules/framer-motion/dist/es/compone
nts/LazyMotion/index.mjs (1:0) Module 
level directives cause errors when 
bundled, "use client" in "node_modules/fra
mer-motion/dist/es/components/LazyMotion/i
ndex.mjs" was ignored.
node_modules/framer-motion/dist/es/compone
nts/MotionConfig/index.mjs (1:0) Module 
level directives cause errors when 
bundled, "use client" in "node_modules/fra
mer-motion/dist/es/components/MotionConfig
/index.mjs" was ignored.
node_modules/framer-motion/dist/es/motion/
utils/use-visual-state.mjs (1:0) Module 
level directives cause errors when 
bundled, "use client" in "node_modules/fra
mer-motion/dist/es/motion/utils/use-visual
-state.mjs" was ignored.
node_modules/framer-motion/dist/es/utils/u
se-force-update.mjs (1:0) Module level 
directives cause errors when bundled, 
"use client" in "node_modules/framer-motio
n/dist/es/utils/use-force-update.mjs" was 
ignored.
node_modules/framer-motion/dist/es/utils/u
se-isomorphic-effect.mjs (1:0) Module 
level directives cause errors when 
bundled, "use client" in "node_modules/fra
mer-motion/dist/es/utils/use-isomorphic-ef
fect.mjs" was ignored.
node_modules/framer-motion/dist/es/utils/u
se-unmount-effect.mjs (1:0) Module level 
directives cause errors when bundled, 
"use client" in "node_modules/framer-motio
n/dist/es/utils/use-unmount-effect.mjs" 
was ignored.
node_modules/framer-motion/dist/es/render/
dom/features-animation.mjs (1:0) Module 
level directives cause errors when 
bundled, "use client" in "node_modules/fra
mer-motion/dist/es/render/dom/features-ani
mation.mjs" was ignored.
node_modules/framer-motion/dist/es/render/
dom/features-max.mjs (1:0) Module level 
directives cause errors when bundled, 
"use client" in "node_modules/framer-motio
n/dist/es/render/dom/features-max.mjs" 
was ignored.
node_modules/framer-motion/dist/es/render/
dom/features-min.mjs (1:0) Module level 
directives cause errors when bundled, 
"use client" in "node_modules/framer-motio
n/dist/es/render/dom/features-min.mjs" 
was ignored.
node_modules/framer-motion/dist/es/utils/u
se-motion-value-event.mjs (1:0) Module 
level directives cause errors when 
bundled, "use client" in "node_modules/fra
mer-motion/dist/es/utils/use-motion-value-
event.mjs" was ignored.
node_modules/framer-motion/dist/es/value/u
se-motion-template.mjs (1:0) Module level 
directives cause errors when bundled, 
"use client" in "node_modules/framer-motio
n/dist/es/value/use-motion-template.mjs" 
was ignored.
node_modules/framer-motion/dist/es/value/u
se-motion-value.mjs (1:0) Module level 
directives cause errors when bundled, 
"use client" in "node_modules/framer-motio
n/dist/es/value/use-motion-value.mjs" was 
ignored.
node_modules/framer-motion/dist/es/value/u
se-scroll.mjs (1:0) Module level 
directives cause errors when bundled, 
"use client" in "node_modules/framer-motio
n/dist/es/value/use-scroll.mjs" was 
ignored.
node_modules/framer-motion/dist/es/value/u
se-follow-value.mjs (1:0) Module level 
directives cause errors when bundled, 
"use client" in "node_modules/framer-motio
n/dist/es/value/use-follow-value.mjs" was 
ignored.
node_modules/framer-motion/dist/es/value/u
se-spring.mjs (1:0) Module level 
directives cause errors when bundled, 
"use client" in "node_modules/framer-motio
n/dist/es/value/use-spring.mjs" was 
ignored.
node_modules/framer-motion/dist/es/value/u
se-time.mjs (1:0) Module level directives 
cause errors when bundled, "use client" 
in "node_modules/framer-motion/dist/es/val
ue/use-time.mjs" was ignored.
node_modules/framer-motion/dist/es/value/u
se-transform.mjs (1:0) Module level 
directives cause errors when bundled, 
"use client" in "node_modules/framer-motio
n/dist/es/value/use-transform.mjs" was 
ignored.
node_modules/framer-motion/dist/es/value/u
se-velocity.mjs (1:0) Module level 
directives cause errors when bundled, 
"use client" in "node_modules/framer-motio
n/dist/es/value/use-velocity.mjs" was 
ignored.
node_modules/framer-motion/dist/es/value/u
se-will-change/index.mjs (1:0) Module 
level directives cause errors when 
bundled, "use client" in "node_modules/fra
mer-motion/dist/es/value/use-will-change/i
ndex.mjs" was ignored.
node_modules/framer-motion/dist/es/utils/r
educed-motion/use-reduced-motion.mjs 
(1:0) Module level directives cause 
errors when bundled, "use client" in "node
_modules/framer-motion/dist/es/utils/reduc
ed-motion/use-reduced-motion.mjs" was 
ignored.
node_modules/framer-motion/dist/es/utils/r
educed-motion/use-reduced-motion-config.mj
s (1:0) Module level directives cause 
errors when bundled, "use client" in "node
_modules/framer-motion/dist/es/utils/reduc
ed-motion/use-reduced-motion-config.mjs" 
was ignored.
node_modules/framer-motion/dist/es/animati
on/hooks/use-animate.mjs (1:0) Module 
level directives cause errors when 
bundled, "use client" in "node_modules/fra
mer-motion/dist/es/animation/hooks/use-ani
mate.mjs" was ignored.
node_modules/framer-motion/dist/es/animati
on/hooks/use-animate-style.mjs (1:0) 
Module level directives cause errors when 
bundled, "use client" in "node_modules/fra
mer-motion/dist/es/animation/hooks/use-ani
mate-style.mjs" was ignored.
node_modules/framer-motion/dist/es/animati
on/hooks/use-animation.mjs (1:0) Module 
level directives cause errors when 
bundled, "use client" in "node_modules/fra
mer-motion/dist/es/animation/hooks/use-ani
mation.mjs" was ignored.
node_modules/framer-motion/dist/es/compone
nts/AnimatePresence/use-presence.mjs 
(1:0) Module level directives cause 
errors when bundled, "use client" in "node
_modules/framer-motion/dist/es/components/
AnimatePresence/use-presence.mjs" was 
ignored.
node_modules/framer-motion/dist/es/compone
nts/AnimatePresence/use-presence-data.mjs 
(1:0) Module level directives cause 
errors when bundled, "use client" in "node
_modules/framer-motion/dist/es/components/
AnimatePresence/use-presence-data.mjs" 
was ignored.
node_modules/framer-motion/dist/es/events/
use-dom-event.mjs (1:0) Module level 
directives cause errors when bundled, 
"use client" in "node_modules/framer-motio
n/dist/es/events/use-dom-event.mjs" was 
ignored.
node_modules/framer-motion/dist/es/utils/u
se-animation-frame.mjs (1:0) Module level 
directives cause errors when bundled, 
"use client" in "node_modules/framer-motio
n/dist/es/utils/use-animation-frame.mjs" 
was ignored.
node_modules/framer-motion/dist/es/utils/u
se-cycle.mjs (1:0) Module level 
directives cause errors when bundled, 
"use client" in "node_modules/framer-motio
n/dist/es/utils/use-cycle.mjs" was 
ignored.
node_modules/framer-motion/dist/es/utils/u
se-in-view.mjs (1:0) Module level 
directives cause errors when bundled, 
"use client" in "node_modules/framer-motio
n/dist/es/utils/use-in-view.mjs" was 
ignored.
node_modules/framer-motion/dist/es/utils/u
se-instant-transition.mjs (1:0) Module 
level directives cause errors when 
bundled, "use client" in "node_modules/fra
mer-motion/dist/es/utils/use-instant-trans
ition.mjs" was ignored.
node_modules/framer-motion/dist/es/utils/u
se-page-in-view.mjs (1:0) Module level 
directives cause errors when bundled, 
"use client" in "node_modules/framer-motio
n/dist/es/utils/use-page-in-view.mjs" was 
ignored.
node_modules/framer-motion/dist/es/context
/LayoutGroupContext.mjs (1:0) Module 
level directives cause errors when 
bundled, "use client" in "node_modules/fra
mer-motion/dist/es/context/LayoutGroupCont
ext.mjs" was ignored.
node_modules/framer-motion/dist/es/context
/MotionConfigContext.mjs (1:0) Module 
level directives cause errors when 
bundled, "use client" in "node_modules/fra
mer-motion/dist/es/context/MotionConfigCon
text.mjs" was ignored.
node_modules/framer-motion/dist/es/context
/MotionContext/index.mjs (1:0) Module 
level directives cause errors when 
bundled, "use client" in "node_modules/fra
mer-motion/dist/es/context/MotionContext/i
ndex.mjs" was ignored.
node_modules/framer-motion/dist/es/context
/PresenceContext.mjs (1:0) Module level 
directives cause errors when bundled, 
"use client" in "node_modules/framer-motio
n/dist/es/context/PresenceContext.mjs" 
was ignored.
node_modules/framer-motion/dist/es/context
/SwitchLayoutGroupContext.mjs (1:0) 
Module level directives cause errors when 
bundled, "use client" in "node_modules/fra
mer-motion/dist/es/context/SwitchLayoutGro
upContext.mjs" was ignored.
node_modules/framer-motion/dist/es/animati
on/hooks/use-animated-state.mjs (1:0) 
Module level directives cause errors when 
bundled, "use client" in "node_modules/fra
mer-motion/dist/es/animation/hooks/use-ani
mated-state.mjs" was ignored.
node_modules/framer-motion/dist/es/compone
nts/AnimateSharedLayout.mjs (1:0) Module 
level directives cause errors when 
bundled, "use client" in "node_modules/fra
mer-motion/dist/es/components/AnimateShare
dLayout.mjs" was ignored.
node_modules/framer-motion/dist/es/context
/DeprecatedLayoutGroupContext.mjs (1:0) 
Module level directives cause errors when 
bundled, "use client" in "node_modules/fra
mer-motion/dist/es/context/DeprecatedLayou
tGroupContext.mjs" was ignored.
node_modules/framer-motion/dist/es/value/u
se-inverted-scale.mjs (1:0) Module level 
directives cause errors when bundled, 
"use client" in "node_modules/framer-motio
n/dist/es/value/use-inverted-scale.mjs" 
was ignored.
node_modules/framer-motion/dist/es/utils/u
se-constant.mjs (1:0) Module level 
directives cause errors when bundled, 
"use client" in "node_modules/framer-motio
n/dist/es/utils/use-constant.mjs" was 
ignored.
node_modules/framer-motion/dist/es/context
/LazyContext.mjs (1:0) Module level 
directives cause errors when bundled, 
"use client" in "node_modules/framer-motio
n/dist/es/context/LazyContext.mjs" was 
ignored.
node_modules/framer-motion/dist/es/utils/u
se-is-mounted.mjs (1:0) Module level 
directives cause errors when bundled, 
"use client" in "node_modules/framer-motio
n/dist/es/utils/use-is-mounted.mjs" was 
ignored.
node_modules/framer-motion/dist/es/value/u
se-combine-values.mjs (1:0) Module level 
directives cause errors when bundled, 
"use client" in "node_modules/framer-motio
n/dist/es/value/use-combine-values.mjs" 
was ignored.
node_modules/framer-motion/dist/es/value/u
se-computed.mjs (1:0) Module level 
directives cause errors when bundled, 
"use client" in "node_modules/framer-motio
n/dist/es/value/use-computed.mjs" was 
ignored.
node_modules/framer-motion/dist/es/compone
nts/Reorder/Group.mjs (1:0) Module level 
directives cause errors when bundled, 
"use client" in "node_modules/framer-motio
n/dist/es/components/Reorder/Group.mjs" 
was ignored.
node_modules/framer-motion/dist/es/compone
nts/Reorder/Item.mjs (1:0) Module level 
directives cause errors when bundled, 
"use client" in "node_modules/framer-motio
n/dist/es/components/Reorder/Item.mjs" 
was ignored.
node_modules/framer-motion/dist/es/motion/
index.mjs (1:0) Module level directives 
cause errors when bundled, "use client" 
in "node_modules/framer-motion/dist/es/mot
ion/index.mjs" was ignored.
node_modules/framer-motion/dist/es/motion/
features/layout/MeasureLayout.mjs (1:0) 
Module level directives cause errors when 
bundled, "use client" in "node_modules/fra
mer-motion/dist/es/motion/features/layout/
MeasureLayout.mjs" was ignored.
node_modules/framer-motion/dist/es/context
/ReorderContext.mjs (1:0) Module level 
directives cause errors when bundled, 
"use client" in "node_modules/framer-motio
n/dist/es/context/ReorderContext.mjs" was 
ignored.
node_modules/framer-motion/dist/es/context
/MotionContext/create.mjs (1:0) Module 
level directives cause errors when 
bundled, "use client" in "node_modules/fra
mer-motion/dist/es/context/MotionContext/c
reate.mjs" was ignored.
node_modules/framer-motion/dist/es/render/
svg/use-svg-visual-state.mjs (1:0) Module 
level directives cause errors when 
bundled, "use client" in "node_modules/fra
mer-motion/dist/es/render/svg/use-svg-visu
al-state.mjs" was ignored.
node_modules/framer-motion/dist/es/render/
dom/use-render.mjs (1:0) Module level 
directives cause errors when bundled, 
"use client" in "node_modules/framer-motio
n/dist/es/render/dom/use-render.mjs" was 
ignored.
node_modules/framer-motion/dist/es/render/
html/use-html-visual-state.mjs (1:0) 
Module level directives cause errors when 
bundled, "use client" in "node_modules/fra
mer-motion/dist/es/render/html/use-html-vi
sual-state.mjs" was ignored.
node_modules/framer-motion/dist/es/motion/
utils/use-motion-ref.mjs (1:0) Module 
level directives cause errors when 
bundled, "use client" in "node_modules/fra
mer-motion/dist/es/motion/utils/use-motion
-ref.mjs" was ignored.
node_modules/framer-motion/dist/es/motion/
utils/use-visual-element.mjs (1:0) Module 
level directives cause errors when 
bundled, "use client" in "node_modules/fra
mer-motion/dist/es/motion/utils/use-visual
-element.mjs" was ignored.
node_modules/framer-motion/dist/es/render/
html/use-props.mjs (1:0) Module level 
directives cause errors when bundled, 
"use client" in "node_modules/framer-motio
n/dist/es/render/html/use-props.mjs" was 
ignored.
node_modules/framer-motion/dist/es/render/
svg/use-props.mjs (1:0) Module level 
directives cause errors when bundled, 
"use client" in "node_modules/framer-motio
n/dist/es/render/svg/use-props.mjs" was 
ignored.
components/admin/RoomAllocation.tsx 
(19:18) "allocateRoom" is not exported by 
"services/api.ts", imported by 
"components/admin/RoomAllocation.tsx".
components/admin/FeeStatus.tsx (11:18) 
"manuallyUpdateFeeStatus" is not exported 
by "services/api.ts", imported by 
"components/admin/FeeStatus.tsx".
components/admin/LostAndFoundManagement.ts
x (12:22) "deleteLostAndFoundItem" is not 
exported by "services/api.ts", imported 
by "components/admin/LostAndFoundManagemen
t.tsx".
components/student/ComplaintView.tsx 
(19:18) "fileComplaint" is not exported 
by "services/api.ts", imported by 
"components/student/ComplaintView.tsx".
[32mΓ£ô[39m 1175 modules transformed.
rendering chunks...
computing gzip size...
[2mdist/[22m[32mindex.html                 [39m[1m[2m  0.40 kB[22m[1m[22m[2m Γöé gzip:   0.28 kB[22m
[2mdist/[22m[35massets/index-ec8afbf5.css  [39m[1m[2m 39.30 kB[22m[1m[22m[2m Γöé gzip:   6.89 kB[22m
[2mdist/[22m[36massets/index-e47e06b6.js   [39m[1m[33m898.63 kB[39m[22m[2m Γöé gzip: 279.42 kB[22m
[33m
(!) Some chunks are larger than 500 kBs 
after minification. Consider:
- Using dynamic import() to code-split 
the application
- Use 
build.rollupOptions.output.manualChunks 
to improve chunking: https://rollupjs.org/
configuration-options/#output-manualchunks
- Adjust chunk size limit for this 
warning via 
build.chunkSizeWarningLimit.[39m
[32mΓ£ô built in 13.28s[39m
